building Nix...
building the system configuration...
evaluation warning: The option `hardware.pulseaudio' defined in `/etc/nixos/configuration.nix' has been renamed to `services.pulseaudio'.
evaluation warning: The option `hardware.opengl.enable' defined in `/etc/nixos/configuration.nix' has been renamed to `hardware.graphics.enable'.
these 11 derivations will be built:
  /nix/store/2f3nqvnc6igfnqvy3bnbqpjinc504pbg-system-path.drv
  /nix/store/ddcgbwqckwxdaz53l16gyr7aa3irri0i-dbus-1.drv
  /nix/store/3lhqffakrxyq1kb0a2qjgdy4lpfffnv6-X-Restart-Triggers-dbus.drv
  /nix/store/9gglqb0zq9cxkq3v3c9cjmr0962s1p20-unit-dbus.service.drv
  /nix/store/qgay76iqyilsacf0z2ksdc3zwdily3j4-unit-dbus.service.drv
  /nix/store/j6jgm893gknbv670mq3hcv23v1kg6r3k-X-Restart-Triggers-polkit.drv
  /nix/store/ypqp39yix6hd2g2z93pahrjjcmw2982j-unit-polkit.service.drv
  /nix/store/crl7q0mzmdnz6087lq8sq42w1sn5554h-system-units.drv
  /nix/store/xnck1inxx5w6128jpwm37ivjbilfdbim-user-units.drv
  /nix/store/zzlsg3xvmq5xfawh1x1lb9s4cigds2b0-etc.drv
  /nix/store/mmmlsl6zyrzrpr729s8zdd3f7vig5aq6-nixos-system-hiego-25.05.813221.9a7b80b6f82a.drv
building '/nix/store/2f3nqvnc6igfnqvy3bnbqpjinc504pbg-system-path.drv'...
warning: collision between `/nix/store/41zf34cqqaqxcd6q4706vpvd51gwf4gf-clang-wrapper-19.1.7/bin/cpp' and `/nix/store/kks0nbx2riwry5qsx0qr87qr0lswmhzi-gcc-wrapper-14.3.0/bin/cpp'
warning: collision between `/nix/store/41zf34cqqaqxcd6q4706vpvd51gwf4gf-clang-wrapper-19.1.7/bin/strip' and `/nix/store/kks0nbx2riwry5qsx0qr87qr0lswmhzi-gcc-wrapper-14.3.0/bin/strip'
warning: collision between `/nix/store/41zf34cqqaqxcd6q4706vpvd51gwf4gf-clang-wrapper-19.1.7/bin/ld.bfd' and `/nix/store/kks0nbx2riwry5qsx0qr87qr0lswmhzi-gcc-wrapper-14.3.0/bin/ld.bfd'
warning: collision between `/nix/store/41zf34cqqaqxcd6q4706vpvd51gwf4gf-clang-wrapper-19.1.7/bin/ld' and `/nix/store/kks0nbx2riwry5qsx0qr87qr0lswmhzi-gcc-wrapper-14.3.0/bin/ld'
warning: collision between `/nix/store/41zf34cqqaqxcd6q4706vpvd51gwf4gf-clang-wrapper-19.1.7/bin/ld.gold' and `/nix/store/kks0nbx2riwry5qsx0qr87qr0lswmhzi-gcc-wrapper-14.3.0/bin/ld.gold'
warning: collision between `/nix/store/41zf34cqqaqxcd6q4706vpvd51gwf4gf-clang-wrapper-19.1.7/bin/c++' and `/nix/store/kks0nbx2riwry5qsx0qr87qr0lswmhzi-gcc-wrapper-14.3.0/bin/c++'
warning: collision between `/nix/store/41zf34cqqaqxcd6q4706vpvd51gwf4gf-clang-wrapper-19.1.7/bin/cc' and `/nix/store/kks0nbx2riwry5qsx0qr87qr0lswmhzi-gcc-wrapper-14.3.0/bin/cc'
warning: collision between `/nix/store/5ml21nh4bwwb300slqmfzjgszc5jhkbw-mount.vboxsf/bin/mount.vboxsf' and `/nix/store/07f6kjkpm2xqb5hnb0pw2pbd9fxfsc6p-VirtualBox-GuestAdditions-7.1.12-6.12.59/bin/mount.vboxsf'
created 10803 symlinks in user environment
building '/nix/store/j6jgm893gknbv670mq3hcv23v1kg6r3k-X-Restart-Triggers-polkit.drv'...
building '/nix/store/ddcgbwqckwxdaz53l16gyr7aa3irri0i-dbus-1.drv'...
building '/nix/store/ypqp39yix6hd2g2z93pahrjjcmw2982j-unit-polkit.service.drv'...
building '/nix/store/3lhqffakrxyq1kb0a2qjgdy4lpfffnv6-X-Restart-Triggers-dbus.drv'...
building '/nix/store/9gglqb0zq9cxkq3v3c9cjmr0962s1p20-unit-dbus.service.drv'...
building '/nix/store/qgay76iqyilsacf0z2ksdc3zwdily3j4-unit-dbus.service.drv'...
building '/nix/store/xnck1inxx5w6128jpwm37ivjbilfdbim-user-units.drv'...
building '/nix/store/crl7q0mzmdnz6087lq8sq42w1sn5554h-system-units.drv'...
building '/nix/store/zzlsg3xvmq5xfawh1x1lb9s4cigds2b0-etc.drv'...
building '/nix/store/mmmlsl6zyrzrpr729s8zdd3f7vig5aq6-nixos-system-hiego-25.05.813221.9a7b80b6f82a.drv'...
activating the configuration...
setting up /etc...
reloading user units for hiego...
restarting sysinit-reactivation.target
reloading the following units: dbus.service
restarting the following units: polkit.service
the following new units were started: NetworkManager-dispatcher.service, sysinit-reactivation.target, systemd-tmpfiles-resetup.service
Done. The new configuration is /nix/store/sspaf7v1w3kpr7j3alpj20gjpsfiwyz6-nixos-system-hiego-25.05.813221.9a7b80b6f82a
